2026-07-18 21:10:59 === Watchdog started ===
2026-07-18 21:10:59 >> START ICD :8765 PID=
2026-07-18 21:11:01 >> START Drug :8766 PID=
2026-07-18 21:11:02 >> START Map :8768 PID=
2026-07-18 21:11:04 >> START Lit :8769 PID=
2026-07-18 21:11:13   INIT ICD :8765 -> FAIL
2026-07-18 21:11:15   INIT Drug :8766 -> FAIL
2026-07-18 21:11:17   INIT Map :8768 -> FAIL
2026-07-18 21:11:19   INIT Lit :8769 -> FAIL
2026-07-18 21:12:24 =============================================
2026-07-18 21:12:24   Watchdog started
2026-07-18 21:12:24 =============================================
2026-07-18 21:12:24 >> START ICD 编码知识库 :8765 PID=15696
2026-07-18 21:12:26 >> START 医保药物目录 :8766 PID=27860
2026-07-18 21:12:27 >> START 价格立项指南映射 :8768 PID=25024
2026-07-18 21:12:29 >> START 医学文献知识库 :8769 PID=25620
2026-07-18 21:12:30 Waiting for services to initialize...
2026-07-18 21:12:35   INIT ICD 编码知识库 :8765 -> OK
2026-07-18 21:12:35   INIT 医保药物目录 :8766 -> OK
2026-07-18 21:12:35   INIT 价格立项指南映射 :8768 -> OK
2026-07-18 21:12:35   INIT 医学文献知识库 :8769 -> OK
2026-07-18 21:13:07 !! CRASH 医学文献知识库 :8769 PID=25620 EXIT=4294967295 重启中...
2026-07-18 21:13:07 >> START 医学文献知识库 :8769 PID=27864
2026-07-18 21:13:10   -> OK 医学文献知识库 :8769
2026-07-18 21:14:20 =============================================
2026-07-18 21:14:20   Watchdog started
2026-07-18 21:14:20 =============================================
2026-07-18 21:14:20 >> START ICD 编码知识库 :8765 PID=9956
2026-07-18 21:14:22 >> START 医保药物目录 :8766 PID=18972
2026-07-18 21:14:23 >> START 价格立项指南映射 :8768 PID=30484
2026-07-18 21:14:25 >> START 医学文献知识库 :8769 PID=25260
2026-07-18 21:14:26 Waiting for services to initialize...
2026-07-18 21:14:31   INIT ICD 编码知识库 :8765 -> OK
2026-07-18 21:14:31   INIT 医保药物目录 :8766 -> OK
2026-07-18 21:14:31   INIT 价格立项指南映射 :8768 -> OK
2026-07-18 21:14:31   INIT 医学文献知识库 :8769 -> OK
2026-07-19 11:20:09 =============================================
2026-07-19 11:20:09   Watchdog started
2026-07-19 11:20:09 =============================================
2026-07-19 11:20:09 >> START ICD 编码知识库 :8765 PID=14592
2026-07-19 11:20:11 >> START 医保药物目录 :8766 PID=23348
2026-07-19 11:20:12 >> START 价格立项指南映射 :8768 PID=4244
2026-07-19 11:20:14 >> START 医学文献知识库 :8769 PID=29152
2026-07-19 11:20:15 Waiting for services to initialize...
2026-07-19 11:20:20   INIT ICD 编码知识库 :8765 -> OK
2026-07-19 11:20:20   INIT 医保药物目录 :8766 -> OK
2026-07-19 11:20:20   INIT 价格立项指南映射 :8768 -> OK
2026-07-19 11:20:20   INIT 医学文献知识库 :8769 -> OK
